../Core/Src/main.c:86:5:main	48	static
../Core/Src/main.c:167:6:SystemClock_Config	88	static
../Core/Src/main.c:215:13:MX_ADC1_Init	24	static
../Core/Src/main.c:262:13:MX_I2C1_Init	8	static
../Core/Src/main.c:296:13:MX_I2C2_Init	8	static
../Core/Src/main.c:330:13:MX_IWDG_Init	8	static
../Core/Src/main.c:358:13:MX_TIM1_Init	80	static
../Core/Src/main.c:423:13:MX_TIM3_Init	64	static
../Core/Src/main.c:482:13:MX_USART2_UART_Init	8	static
../Core/Src/main.c:515:13:MX_GPIO_Init	40	static
../Core/Src/main.c:573:6:StartDefaultTask	16	static
../Core/Src/main.c:592:6:HAL_TIM_PeriodElapsedCallback	16	static
../Core/Src/main.c:610:6:Error_Handler	4	static,ignoring_inline_asm
