../Core/Src/tb6612fng/tb6612fng.c:10:13:tbSetStndbyPin	16	static
../Core/Src/tb6612fng/tb6612fng.c:14:13:tbSetAin1Pin	16	static
../Core/Src/tb6612fng/tb6612fng.c:18:13:tbSetAin2Pin	16	static
../Core/Src/tb6612fng/tb6612fng.c:22:6:tbPmwStart	8	static
../Core/Src/tb6612fng/tb6612fng.c:30:13:tbSetDutyCycle	24	static
../Core/Src/tb6612fng/tb6612fng.c:34:13:tbResetDutyCycle	4	static
../Core/Src/tb6612fng/tb6612fng.c:38:6:tbMotorCw	24	static
../Core/Src/tb6612fng/tb6612fng.c:53:6:tbMotorCcw	24	static
../Core/Src/tb6612fng/tb6612fng.c:68:6:tbMotorShortBrake	8	static
../Core/Src/tb6612fng/tb6612fng.c:77:6:tbMotorStop	8	static
../Core/Src/tb6612fng/tb6612fng.c:86:6:tbMotorStndby	8	static
../Core/Src/tb6612fng/tb6612fng.c:96:6:tbMotorDrive	16	static
