../Core/Src/ap33772s/ap33772s.c:24:6:apReady	16	static
../Core/Src/ap33772s/ap33772s.c:45:6:fetchPdoInfo	16	static
../Core/Src/ap33772s/ap33772s.c:60:6:mapPpsAvsInfo	16	static
../Core/Src/ap33772s/ap33772s.c:77:6:displayPdoInfo	24	static
../Core/Src/ap33772s/ap33772s.c:146:6:displayProfiles	16	static
../Core/Src/ap33772s/ap33772s.c:157:6:displayCurrentRange	16	static
../Core/Src/ap33772s/ap33772s.c:264:6:displayEprVoltageMin	16	static
../Core/Src/ap33772s/ap33772s.c:298:6:displaySprVoltageMin	16	static
../Core/Src/ap33772s/ap33772s.c:332:5:getPpsIndex	4	static
../Core/Src/ap33772s/ap33772s.c:337:5:getAvsIndex	4	static
../Core/Src/ap33772s/ap33772s.c:342:5:currentMap	16	static
../Core/Src/ap33772s/ap33772s.c:358:6:setFixedPdo	16	static
../Core/Src/ap33772s/ap33772s.c:393:6:setPpsPdo	32	static
../Core/Src/ap33772s/ap33772s.c:438:6:setAvsPdo	32	static
../Core/Src/ap33772s/ap33772s.c:487:6:setNTC	24	static
../Core/Src/ap33772s/ap33772s.c:512:7:readTemperature	8	static
../Core/Src/ap33772s/ap33772s.c:517:7:readVoltage	8	static
../Core/Src/ap33772s/ap33772s.c:522:7:readCurrent	8	static
../Core/Src/ap33772s/ap33772s.c:527:7:readVREQ	8	static
../Core/Src/ap33772s/ap33772s.c:532:7:readIREQ	8	static
../Core/Src/ap33772s/ap33772s.c:538:7:readVSELMIN	8	static
../Core/Src/ap33772s/ap33772s.c:543:6:setVSELMIN	16	static
../Core/Src/ap33772s/ap33772s.c:548:5:readUVPTHR	8	static
../Core/Src/ap33772s/ap33772s.c:563:6:setUVPTHR	16	static
../Core/Src/ap33772s/ap33772s.c:588:7:readOVPTHR	8	static
../Core/Src/ap33772s/ap33772s.c:593:6:setOVPTHR	16	static
../Core/Src/ap33772s/ap33772s.c:598:7:readOCPTHR	8	static
../Core/Src/ap33772s/ap33772s.c:603:6:setOCPTHR	16	static
../Core/Src/ap33772s/ap33772s.c:608:7:readOTPTHR	8	static
../Core/Src/ap33772s/ap33772s.c:613:6:setOTPTHR	16	static
../Core/Src/ap33772s/ap33772s.c:618:7:readDRTHR	8	static
../Core/Src/ap33772s/ap33772s.c:624:6:setDRTHR	16	static
../Core/Src/ap33772s/ap33772s.c:629:6:setOutput	16	static
