../Core/Src/bq25790/bq25790.c:72:26:bqWriteReg	16	static
../Core/Src/bq25790/bq25790.c:76:26:bqReadReg	16	static
../Core/Src/bq25790/bq25790.c:87:13:bqSetReg	32	static
../Core/Src/bq25790/bq25790.c:99:6:bqReadPartInfo	24	static
../Core/Src/bq25790/bq25790.c:110:6:bqReset	8	static
../Core/Src/bq25790/bq25790.c:114:6:bqEnOrMaskInterrupt	24	static
../Core/Src/bq25790/bq25790.c:120:6:bqReadStatus1_3	24	static
../Core/Src/bq25790/bq25790.c:159:6:bqReadTempStatus	24	static
../Core/Src/bq25790/bq25790.c:175:6:bqReadStatusFault	24	static
../Core/Src/bq25790/bq25790.c:200:6:bqRprtPartInfo	32	static
../Core/Src/bq25790/bq25790.c:216:6:bqRprtStsSftyTmrExp	16	static
../Core/Src/bq25790/bq25790.c:223:6:bqRprtStsTempRng	16	static
../Core/Src/bq25790/bq25790.c:243:6:bqSetWatchdogTimer	16	static
../Core/Src/bq25790/bq25790.c:247:6:bqSetMinimalSystemVoltageLimit	24	static
../Core/Src/bq25790/bq25790.c:258:6:bqSetChargeVoltageLimit	32	static
../Core/Src/bq25790/bq25790.c:273:6:bqSetChargeCurrentLimit	32	static
../Core/Src/bq25790/bq25790.c:288:6:bqSetInputVoltageLimit	24	static
../Core/Src/bq25790/bq25790.c:299:6:bqSetInputCurrentLimit	32	static
../Core/Src/bq25790/bq25790.c:314:6:bqSetFastChargeVoltageThreshold	16	static
../Core/Src/bq25790/bq25790.c:318:6:bqSetPrechargeCurrentLimit	24	static
../Core/Src/bq25790/bq25790.c:329:6:bqSetTerminationCurrent	24	static
../Core/Src/bq25790/bq25790.c:339:6:bqSetRechargeThreshold	24	static
../Core/Src/bq25790/bq25790.c:350:9:bqReadIBus	32	static
../Core/Src/bq25790/bq25790.c:367:9:bqReadVBus	32	static
../Core/Src/bq25790/bq25790.c:384:9:bqReadIBat	32	static
../Core/Src/bq25790/bq25790.c:401:9:bqReadVBat	32	static
../Core/Src/bq25790/bq25790.c:418:9:bqReadVSys	32	static
